
There are no discarded input sections

Memory Configuration

Name             Origin             Length             Attributes
FLASH            0x00000000         0x0000c800         xr
SRAM             0x20000000         0x00002000         xrw
*default*        0x00000000         0xffffffff

Linker script and memory map


.text           0x00000000      0x238
 startup.o(.vector_table)
 .vector_table  0x00000000      0x14c startup.o
                0x00000000                vector_table
 *(.text)
 .text          0x0000014c       0x24 startup.o
                0x0000014c                reset_hdlr
 .text          0x00000170       0xc8 main.o
                0x00000170                flash_unlock
                0x000001a4                flash_lock
                0x000001c0                flash_write_word
                0x00000218                main
                0x00000238                        . = ALIGN (0x4)
                0x00000238                        _etext = .
LOAD startup.o
LOAD main.o
OUTPUT(final.elf elf32-littlearm)
LOAD linker stubs

.data           0x00000238        0x0
 .data          0x00000238        0x0 startup.o
 .data          0x00000238        0x0 main.o

.igot.plt       0x00000238        0x0
 .igot.plt      0x00000238        0x0 startup.o

.glue_7         0x00000238        0x0
 .glue_7        0x00000238        0x0 linker stubs

.glue_7t        0x00000238        0x0
 .glue_7t       0x00000238        0x0 linker stubs

.vfp11_veneer   0x00000238        0x0
 .vfp11_veneer  0x00000238        0x0 linker stubs

.v4_bx          0x00000238        0x0
 .v4_bx         0x00000238        0x0 linker stubs

.iplt           0x00000238        0x0
 .iplt          0x00000238        0x0 startup.o

.rel.dyn        0x00000238        0x0
 .rel.iplt      0x00000238        0x0 startup.o

.bss            0x00000238        0x0
 .bss           0x00000238        0x0 startup.o
 .bss           0x00000238        0x0 main.o

.debug_info     0x00000000      0x18f
 .debug_info    0x00000000       0xa7 startup.o
 .debug_info    0x000000a7       0xe8 main.o

.debug_abbrev   0x00000000      0x13a
 .debug_abbrev  0x00000000       0x9b startup.o
 .debug_abbrev  0x0000009b       0x9f main.o

.debug_aranges  0x00000000       0x40
 .debug_aranges
                0x00000000       0x20 startup.o
 .debug_aranges
                0x00000020       0x20 main.o

.debug_line     0x00000000      0x134
 .debug_line    0x00000000       0x4f startup.o
 .debug_line    0x0000004f       0xe5 main.o

.debug_str      0x00000000      0x13c
 .debug_str     0x00000000      0x13c startup.o
                                 0xaa (size before relaxing)
 .debug_str     0x0000013c      0x14e main.o

.comment        0x00000000       0x26
 .comment       0x00000000       0x26 startup.o
                                 0x27 (size before relaxing)
 .comment       0x00000026       0x27 main.o

.ARM.attributes
                0x00000000       0x2d
 .ARM.attributes
                0x00000000       0x2d startup.o
 .ARM.attributes
                0x0000002d       0x2d main.o

.debug_frame    0x00000000       0xc4
 .debug_frame   0x00000000       0x30 startup.o
 .debug_frame   0x00000030       0x94 main.o
